{
    "test_fastp_single_end": {
        "content": [
            [
                [
                    {
                        "id": "test",
                        "single_end": true
                    },
                    "test.fastp.fastq.gz:md5,67b2bbae47f073e05a97a9c2edce23c7"
                ]
            ],
            [
                [
                    {
                        "id": "test",
                        "single_end": true
                    },
                    "test.fastp.json:md5,c852d7a6dba5819e4ac8d9673bedcacc"
                ]
            ],
            [
                "versions.yml:md5,48ffc994212fb1fc9f83a74fa69c9f02"
            ]
        ],
        "meta": {
            "nf-test": "0.8.4",
            "nextflow": "24.04.2"
        },
        "timestamp": "2024-06-07T13:01:17.305759016"
    }
}