{
    "sarscov2 - bam - stub": {
        "content": [
            {
                "0": [
                    [
                        {
                            "id": "test",
                            "single_end": false
                        },
                        "test.bam:md5,d41d8cd98f00b204e9800998ecf8427e"
                    ]
                ],
                "1": [
                    "versions.yml:md5,dae8bc60c34d1a0d1a358cb5b24c7856"
                ],
                "bam": [
                    [
                        {
                            "id": "test",
                            "single_end": false
                        },
                        "test.bam:md5,d41d8cd98f00b204e9800998ecf8427e"
                    ]
                ],
                "versions": [
                    "versions.yml:md5,dae8bc60c34d1a0d1a358cb5b24c7856"
                ]
            }
        ],
        "timestamp": "2025-01-16T16:20:20.242529"
    },
    "sarscov2 - bam": {
        "content": [
            {
                "0": [
                    [
                        {
                            "id": "test",
                            "single_end": false
                        },
                        "test.bam:md5,fd893e34d6dc601c0facad627caebd19"
                    ]
                ],
                "1": [
                    "versions.yml:md5,dae8bc60c34d1a0d1a358cb5b24c7856"
                ],
                "bam": [
                    [
                        {
                            "id": "test",
                            "single_end": false
                        },
                        "test.bam:md5,fd893e34d6dc601c0facad627caebd19"
                    ]
                ],
                "versions": [
                    "versions.yml:md5,dae8bc60c34d1a0d1a358cb5b24c7856"
                ]
            }
        ],
        "timestamp": "2025-01-16T16:20:10.398834"
    }
}